Traceback (most recent call last):
  File "/home2/zzl/C-CoT/baseline/dprotocot/run.py", line 36, in <module>
    from train import train_encoder
  File "/home2/zzl/C-CoT/baseline/dprotocot/train.py", line 15, in <module>
    from encoder import MultiGranularEncoder
  File "/home2/zzl/C-CoT/baseline/dprotocot/encoder.py", line 21, in <module>
    from transformers import BertModel, BertTokenizerFast
  File "<frozen importlib._bootstrap>", line 1075, in _handle_fromlist
  File "/home2/zzl/storygen-env/lib/python3.10/site-packages/transformers/utils/import_utils.py", line 2045, in __getattr__
    module = self._get_module(self._class_to_module[name])
  File "/home2/zzl/storygen-env/lib/python3.10/site-packages/transformers/utils/import_utils.py", line 2073, in _get_module
    return importlib.import_module("." + module_name, self.__name__)
  File "/home2/zzl/.conda/envs/ChatLogic/lib/python3.10/importlib/__init__.py", line 126, in import_module
    return _bootstrap._gcd_import(name[level:], package, level)
  File "/home2/zzl/storygen-env/lib/python3.10/site-packages/transformers/models/bert/modeling_bert.py", line 44, in <module>
    from ...modeling_utils import PreTrainedModel
  File "/home2/zzl/storygen-env/lib/python3.10/site-packages/transformers/modeling_utils.py", line 62, in <module>
    from .integrations.flex_attention import flex_attention_forward
  File "/home2/zzl/storygen-env/lib/python3.10/site-packages/transformers/integrations/flex_attention.py", line 39, in <module>
    from torch.nn.attention.flex_attention import BlockMask, flex_attention
  File "/home2/zzl/storygen-env/lib/python3.10/site-packages/torch/nn/attention/flex_attention.py", line 15, in <module>
    from torch._dynamo._trace_wrapped_higher_order_op import TransformGetItemToIndex
  File "/home2/zzl/storygen-env/lib/python3.10/site-packages/torch/_dynamo/__init__.py", line 13, in <module>
    from . import config, convert_frame, eval_frame, resume_execution
  File "/home2/zzl/storygen-env/lib/python3.10/site-packages/torch/_dynamo/convert_frame.py", line 52, in <module>
    from torch._dynamo.symbolic_convert import TensorifyState
  File "/home2/zzl/storygen-env/lib/python3.10/site-packages/torch/_dynamo/symbolic_convert.py", line 57, in <module>
    from . import (
  File "/home2/zzl/storygen-env/lib/python3.10/site-packages/torch/_dynamo/trace_rules.py", line 32, in <module>
    from .variables import (
  File "/home2/zzl/storygen-env/lib/python3.10/site-packages/torch/_dynamo/variables/__init__.py", line 19, in <module>
    from .base import VariableTracker
  File "/home2/zzl/storygen-env/lib/python3.10/site-packages/torch/_dynamo/variables/base.py", line 26, in <module>
    from ..guards import GuardBuilder, install_guard
  File "/home2/zzl/storygen-env/lib/python3.10/site-packages/torch/_dynamo/guards.py", line 59, in <module>
    from torch._dynamo.source import (
  File "/home2/zzl/storygen-env/lib/python3.10/site-packages/torch/_dynamo/source.py", line 244, in <module>
    class GenericAttrSource(ChainedSource):
  File "/home2/zzl/.conda/envs/ChatLogic/lib/python3.10/dataclasses.py", line 1175, in wrap
    return _process_class(cls, init, repr, eq, order, unsafe_hash,
  File "/home2/zzl/.conda/envs/ChatLogic/lib/python3.10/dataclasses.py", line 1053, in _process_class
    _cmp_fn('__eq__', '==',
  File "/home2/zzl/.conda/envs/ChatLogic/lib/python3.10/dataclasses.py", line 629, in _cmp_fn
    return _create_fn(name,
  File "/home2/zzl/.conda/envs/ChatLogic/lib/python3.10/dataclasses.py", line 432, in _create_fn
    exec(txt, globals, ns)
  File "<string>", line 1, in <module>
KeyboardInterrupt
