[data] newrundata/gsm8k_merged_flat.jsonl: 9110 lines, 0 skipped, 911 questions, 9110 paths total
[data] newrundata/gsm8k_test_flat.jsonl: 2000 lines, 0 skipped, 200 questions, 2000 paths total
[data] split -> train=820 val=91 test=200 questions (TEST SET SIZE = 200 questions)
[data] trainable questions (have both pos & neg paths): 634/820
[data] trainable questions (have both pos & neg paths): 76/91
[train] epoch 1/10 contrastive_loss=2.2954 (questions used=634) | val_loss=2.2614
[train] epoch 2/10 contrastive_loss=2.2479 (questions used=634) | val_loss=2.2417
[train] epoch 3/10 contrastive_loss=2.1960 (questions used=634) | val_loss=2.2313
[train] epoch 4/10 contrastive_loss=2.1106 (questions used=634) | val_loss=2.2906
[train] epoch 5/10 contrastive_loss=2.0128 (questions used=634) | val_loss=2.2662
[train] epoch 6/10 contrastive_loss=1.9270 (questions used=634) | val_loss=2.2542
[train] epoch 7/10 contrastive_loss=1.8848 (questions used=634) | val_loss=2.4068
[train] epoch 8/10 contrastive_loss=1.8490 (questions used=634) | val_loss=2.2617
[train] epoch 9/10 contrastive_loss=1.8319 (questions used=634) | val_loss=2.2548
[train] epoch 10/10 contrastive_loss=1.8142 (questions used=634) | val_loss=2.4507
[train] encoder saved to /home2/zzl/C-CoT/dprotocot_runs/run

==== Results [granularity | train=path/select=path] | test questions = 200 ====
  Standard CoT            :  75.00%
  Self-Consistency        :  77.50%
  Raw-BERT + Centroid     :  81.00%
  Self-Certainty-BERT     :  81.00%
  D-ProtoCoT              :  83.00%
[data] newrundata/gsm8k_merged_flat.jsonl: 9110 lines, 0 skipped, 911 questions, 9110 paths total
[data] newrundata/gsm8k_test_flat.jsonl: 2000 lines, 0 skipped, 200 questions, 2000 paths total
[data] split -> train=820 val=91 test=200 questions (TEST SET SIZE = 200 questions)
[data] trainable questions (have both pos & neg paths): 634/820
[data] trainable questions (have both pos & neg paths): 76/91
[train] epoch 1/10 contrastive_loss=5.0682 (questions used=634) | val_loss=5.0583
[train] epoch 2/10 contrastive_loss=5.0166 (questions used=634) | val_loss=5.0517
[train] epoch 3/10 contrastive_loss=4.9964 (questions used=634) | val_loss=5.0315
[train] epoch 4/10 contrastive_loss=4.9567 (questions used=634) | val_loss=5.0364
[train] epoch 5/10 contrastive_loss=4.9150 (questions used=634) | val_loss=5.0496
[train] epoch 6/10 contrastive_loss=4.8599 (questions used=634) | val_loss=5.0786
[train] epoch 7/10 contrastive_loss=4.8003 (questions used=634) | val_loss=5.1197
[train] epoch 8/10 contrastive_loss=4.7421 (questions used=634) | val_loss=5.0647
[train] epoch 9/10 contrastive_loss=4.7192 (questions used=634) | val_loss=5.1135
[train] epoch 10/10 contrastive_loss=4.6610 (questions used=634) | val_loss=5.3439
[train] encoder saved to /home2/zzl/C-CoT/dprotocot_runs/run

==== Results [granularity | train=step/select=step] | test questions = 200 ====
  Standard CoT            :  75.00%
  Self-Consistency        :  77.50%
  Raw-BERT + Centroid     :  81.00%
  Self-Certainty-BERT     :  81.00%
  D-ProtoCoT              :  86.50%
[data] newrundata/gsm8k_merged_flat.jsonl: 9110 lines, 0 skipped, 911 questions, 9110 paths total
[data] newrundata/gsm8k_test_flat.jsonl: 2000 lines, 0 skipped, 200 questions, 2000 paths total
[data] split -> train=820 val=91 test=200 questions (TEST SET SIZE = 200 questions)
[data] trainable questions (have both pos & neg paths): 634/820
[data] trainable questions (have both pos & neg paths): 76/91
[train] epoch 1/10 contrastive_loss=5.0688 (questions used=634) | val_loss=5.0579
[train] epoch 2/10 contrastive_loss=5.0163 (questions used=634) | val_loss=5.0519
[train] epoch 3/10 contrastive_loss=4.9916 (questions used=634) | val_loss=5.0338
[train] epoch 4/10 contrastive_loss=4.9500 (questions used=634) | val_loss=5.0323
[train] epoch 5/10 contrastive_loss=4.9036 (questions used=634) | val_loss=5.0580
[train] epoch 6/10 contrastive_loss=4.8400 (questions used=634) | val_loss=5.1044
[train] epoch 7/10 contrastive_loss=4.8033 (questions used=634) | val_loss=5.1303
[train] epoch 8/10 contrastive_loss=4.7280 (questions used=634) | val_loss=5.1720
[train] epoch 9/10 contrastive_loss=4.6848 (questions used=634) | val_loss=5.1808
[train] epoch 10/10 contrastive_loss=4.6503 (questions used=634) | val_loss=5.1731
[train] encoder saved to /home2/zzl/C-CoT/dprotocot_runs/run

==== Results [granularity | train=step/select=path] | test questions = 200 ====
  Standard CoT            :  75.00%
  Self-Consistency        :  77.50%
  Raw-BERT + Centroid     :  81.00%
  Self-Certainty-BERT     :  81.00%
  D-ProtoCoT              :  82.00%
