[data] newrundata/gsm8k_merged_flat.jsonl: 9110 lines, 0 skipped, 911 questions, 9110 paths total
[data] newrundata/gsm8k_test_flat.jsonl: 2000 lines, 0 skipped, 200 questions, 2000 paths total
[data] split -> train=820 val=91 test=200 questions (TEST SET SIZE = 200 questions)
[data] trainable questions (have both pos & neg paths): 634/820
[data] trainable questions (have both pos & neg paths): 76/91
[train] epoch 1/10 contrastive_loss=5.0686 (questions used=634) | val_loss=5.0582
[train] epoch 2/10 contrastive_loss=5.0162 (questions used=634) | val_loss=5.0555
[train] epoch 3/10 contrastive_loss=4.9877 (questions used=634) | val_loss=5.0279
[train] epoch 4/10 contrastive_loss=4.9500 (questions used=634) | val_loss=5.0394
[train] epoch 5/10 contrastive_loss=4.9084 (questions used=634) | val_loss=5.0244
[train] epoch 6/10 contrastive_loss=4.8490 (questions used=634) | val_loss=5.0625
[train] epoch 7/10 contrastive_loss=4.7903 (questions used=634) | val_loss=5.0972
[train] epoch 8/10 contrastive_loss=4.7256 (questions used=634) | val_loss=5.1204
[train] epoch 9/10 contrastive_loss=4.6899 (questions used=634) | val_loss=5.1137
[train] epoch 10/10 contrastive_loss=4.6546 (questions used=634) | val_loss=5.2056
[train] encoder saved to /home2/zzl/C-CoT/dprotocot_runs/run

==== Results [leakage-ablation | input=full] | test questions = 200 ====
  Standard CoT            :  75.00%
  Self-Consistency        :  77.50%
  Raw-BERT + Centroid     :  81.00%
  Self-Certainty-BERT     :  81.00%
  D-ProtoCoT              :  81.00%
[data] newrundata/gsm8k_merged_flat.jsonl: 9110 lines, 0 skipped, 911 questions, 9110 paths total
[data] newrundata/gsm8k_test_flat.jsonl: 2000 lines, 0 skipped, 200 questions, 2000 paths total
[data] split -> train=820 val=91 test=200 questions (TEST SET SIZE = 200 questions)
[data] trainable questions (have both pos & neg paths): 634/820
[data] trainable questions (have both pos & neg paths): 76/91
[train] epoch 1/10 contrastive_loss=5.0693 (questions used=634) | val_loss=5.0583
[train] epoch 2/10 contrastive_loss=5.0168 (questions used=634) | val_loss=5.0517
[train] epoch 3/10 contrastive_loss=4.9888 (questions used=634) | val_loss=5.0200
[train] epoch 4/10 contrastive_loss=4.9465 (questions used=634) | val_loss=5.0235
[train] epoch 5/10 contrastive_loss=4.8838 (questions used=634) | val_loss=5.0330
[train] epoch 6/10 contrastive_loss=4.8069 (questions used=634) | val_loss=5.0190
[train] epoch 7/10 contrastive_loss=4.7429 (questions used=634) | val_loss=5.1037
[train] epoch 8/10 contrastive_loss=4.6804 (questions used=634) | val_loss=5.0589
[train] epoch 9/10 contrastive_loss=4.6458 (questions used=634) | val_loss=5.0922
[train] epoch 10/10 contrastive_loss=4.6305 (questions used=634) | val_loss=5.1203
[train] encoder saved to /home2/zzl/C-CoT/dprotocot_runs/run

==== Results [leakage-ablation | input=mask] | test questions = 200 ====
  Standard CoT            :  75.00%
  Self-Consistency        :  77.50%
  Raw-BERT + Centroid     :  81.00%
  Self-Certainty-BERT     :  81.00%
  D-ProtoCoT              :  81.50%
[data] newrundata/gsm8k_merged_flat.jsonl: 9110 lines, 0 skipped, 911 questions, 9110 paths total
[data] newrundata/gsm8k_test_flat.jsonl: 2000 lines, 0 skipped, 200 questions, 2000 paths total
[data] split -> train=820 val=91 test=200 questions (TEST SET SIZE = 200 questions)
[data] trainable questions (have both pos & neg paths): 634/820
[data] trainable questions (have both pos & neg paths): 76/91
[train] epoch 1/10 contrastive_loss=2.2888 (questions used=634) | val_loss=2.2501
[train] epoch 2/10 contrastive_loss=2.2639 (questions used=634) | val_loss=2.2442
[train] epoch 3/10 contrastive_loss=2.2565 (questions used=634) | val_loss=2.2460
[train] epoch 4/10 contrastive_loss=2.2541 (questions used=634) | val_loss=2.2507
[train] epoch 5/10 contrastive_loss=2.2476 (questions used=634) | val_loss=2.2592
[train] epoch 6/10 contrastive_loss=2.2427 (questions used=634) | val_loss=2.2483
[train] epoch 7/10 contrastive_loss=2.2382 (questions used=634) | val_loss=2.2511
[train] epoch 8/10 contrastive_loss=2.2286 (questions used=634) | val_loss=2.2706
[train] epoch 9/10 contrastive_loss=2.2174 (questions used=634) | val_loss=2.3025
[train] epoch 10/10 contrastive_loss=2.2096 (questions used=634) | val_loss=2.4284
[train] encoder saved to /home2/zzl/C-CoT/dprotocot_runs/run

==== Results [leakage-ablation | input=qa_only] | test questions = 200 ====
  Standard CoT            :  75.00%
  Self-Consistency        :  77.50%
  Raw-BERT + Centroid     :  75.00%
  Self-Certainty-BERT     :  75.50%
  D-ProtoCoT              :  74.50%

[hint] if qa_only ~= full, gains are NOT from reasoning-process modeling.
