==== START llama_sqa 2026年 08月 05日 星期三 11:11:11 CST ====
[data] newrundata/strategyqa_llama_flat.jsonl: 4200 lines, 0 skipped, 420 questions, 4200 paths total
[data] split -> train=336 val=42 test=42 questions (TEST SET SIZE = 42 questions)
[data] trainable questions (have both pos & neg paths): 257/336
[data] trainable questions (have both pos & neg paths): 31/42
[train] epoch 1/10 contrastive_loss=4.6195 (questions used=257) | val_loss=4.5095
[train] epoch 2/10 contrastive_loss=4.2829 (questions used=257) | val_loss=4.2256
[train] epoch 3/10 contrastive_loss=4.0809 (questions used=257) | val_loss=4.1838
[train] epoch 4/10 contrastive_loss=3.9033 (questions used=257) | val_loss=4.2321
[train] epoch 5/10 contrastive_loss=3.7664 (questions used=257) | val_loss=4.2612
[train] epoch 6/10 contrastive_loss=3.6671 (questions used=257) | val_loss=4.2824
[train] epoch 7/10 contrastive_loss=3.5815 (questions used=257) | val_loss=4.3128
[train] epoch 8/10 contrastive_loss=3.5402 (questions used=257) | val_loss=4.3956
[train] epoch 9/10 contrastive_loss=3.5253 (questions used=257) | val_loss=4.2339
[train] epoch 10/10 contrastive_loss=3.4947 (questions used=257) | val_loss=4.2390
[train] encoder saved to /home2/zzl/C-CoT/dprotocot_runs/run
[ORM] train paths=3360 pos=962 neg=2398 pos_ratio=0.286 pos_weight=2.493
[ORM] epoch 1/10 train_loss=0.7127 | val_loss=0.4007 path_acc=0.8667 F1=0.7879 AUROC=0.904
[ORM] epoch 2/10 train_loss=0.3888 | val_loss=0.4238 path_acc=0.8881 F1=0.8171 AUROC=0.9094
[ORM] epoch 3/10 train_loss=0.3169 | val_loss=0.5276 path_acc=0.8810 F1=0.8120 AUROC=0.9136
[ORM] epoch 4/10 train_loss=0.2451 | val_loss=0.6068 path_acc=0.8738 F1=0.7954 AUROC=0.908
[ORM] epoch 5/10 train_loss=0.1814 | val_loss=0.7798 path_acc=0.8738 F1=0.8153 AUROC=0.9133
[ORM] epoch 6/10 train_loss=0.1483 | val_loss=0.7134 path_acc=0.8810 F1=0.8077 AUROC=0.9158
[ORM] epoch 7/10 train_loss=0.0942 | val_loss=0.7759 path_acc=0.8714 F1=0.7923 AUROC=0.9115
[ORM] epoch 8/10 train_loss=0.0771 | val_loss=0.8661 path_acc=0.8762 F1=0.7920 AUROC=0.9036
[ORM] epoch 9/10 train_loss=0.0474 | val_loss=0.8788 path_acc=0.8786 F1=0.7984 AUROC=0.9091
[ORM] epoch 10/10 train_loss=0.0300 | val_loss=0.8788 path_acc=0.8810 F1=0.8120 AUROC=0.9128

[ORM] TEST diagnostics: loss=0.8774 path_acc=0.8762 F1=0.7833 AUROC=0.9101

==== Results [main+ORM | input=full] | test questions = 42 ====
  Standard CoT            :  26.19%
  Self-Consistency        :  23.81%
  Raw-BERT + Centroid     :  38.10%
  Self-Certainty-BERT     :  35.71%
  D-ProtoCoT              :  33.33%
  ORM                     :  73.81%
==== DONE 2026年 08月 05日 星期三 12:01:26 CST ====
