nohup: ignoring input
[data] newrundata/csqa_llama_flat.jsonl: 4200 lines, 0 skipped, 420 questions, 4200 paths total
[data] split -> train=336 val=42 test=42 questions (TEST SET SIZE = 42 questions)
[data] trainable questions (have both pos & neg paths): 0/336
[data] trainable questions (have both pos & neg paths): 0/42
[train] epoch 1/10 contrastive_loss=0.0000 (questions used=0) | val_loss=0.0000
[train] epoch 2/10 contrastive_loss=0.0000 (questions used=0) | val_loss=0.0000
[train] epoch 3/10 contrastive_loss=0.0000 (questions used=0) | val_loss=0.0000
[train] epoch 4/10 contrastive_loss=0.0000 (questions used=0) | val_loss=0.0000
[train] epoch 5/10 contrastive_loss=0.0000 (questions used=0) | val_loss=0.0000
[train] epoch 6/10 contrastive_loss=0.0000 (questions used=0) | val_loss=0.0000
[train] epoch 7/10 contrastive_loss=0.0000 (questions used=0) | val_loss=0.0000
[train] epoch 8/10 contrastive_loss=0.0000 (questions used=0) | val_loss=0.0000
[train] epoch 9/10 contrastive_loss=0.0000 (questions used=0) | val_loss=0.0000
[train] epoch 10/10 contrastive_loss=0.0000 (questions used=0) | val_loss=0.0000
[train] encoder saved to /home2/zzl/C-CoT/dprotocot_runs/run
Traceback (most recent call last):
  File "/home2/zzl/C-CoT/baseline/dprotocot/run.py", line 142, in <module>
    main()
  File "/home2/zzl/C-CoT/baseline/dprotocot/run.py", line 134, in main
    {
  File "/home2/zzl/C-CoT/baseline/dprotocot/run.py", line 70, in cmd_orm
    orm_model = train_orm(cfg, train_g, val_g)          # ORM uses ALL paths, not only mixed ones
  File "/home2/zzl/C-CoT/baseline/dprotocot/orm.py", line 62, in train_orm
    model = ORM(cfg).to(device)
  File "/home2/zzl/storygen-env/lib/python3.10/site-packages/torch/nn/modules/module.py", line 1355, in to
    return self._apply(convert)
  File "/home2/zzl/storygen-env/lib/python3.10/site-packages/torch/nn/modules/module.py", line 915, in _apply
    module._apply(fn)
  File "/home2/zzl/storygen-env/lib/python3.10/site-packages/torch/nn/modules/module.py", line 915, in _apply
    module._apply(fn)
  File "/home2/zzl/storygen-env/lib/python3.10/site-packages/torch/nn/modules/module.py", line 915, in _apply
    module._apply(fn)
  [Previous line repeated 4 more times]
  File "/home2/zzl/storygen-env/lib/python3.10/site-packages/torch/nn/modules/module.py", line 942, in _apply
    param_applied = fn(param)
  File "/home2/zzl/storygen-env/lib/python3.10/site-packages/torch/nn/modules/module.py", line 1341, in convert
    return t.to(
torch.OutOfMemoryError: CUDA out of memory. Tried to allocate 20.00 MiB. GPU 0 has a total capacity of 23.69 GiB of which 5.25 MiB is free. Process 2244261 has 4.98 GiB memory in use. Process 2244401 has 5.12 GiB memory in use. Process 2244329 has 5.10 GiB memory in use. Process 2244525 has 3.29 GiB memory in use. Including non-PyTorch memory, this process has 876.00 MiB memory in use. Process 2244664 has 4.32 GiB memory in use. Of the allocated memory 573.84 MiB is allocated by PyTorch, and 48.16 MiB is reserved by PyTorch but unallocated. If reserved but unallocated memory is large try setting PYTORCH_CUDA_ALLOC_CONF=expandable_segments:True to avoid fragmentation.  See documentation for Memory Management  (https://pytorch.org/docs/stable/notes/cuda.html#environment-variables)
[data] newrundata/csqa_llama_flat.jsonl: 4200 lines, 0 skipped, 420 questions, 4200 paths total
[data] split -> train=336 val=42 test=42 questions (TEST SET SIZE = 42 questions)
[data] trainable questions (have both pos & neg paths): 0/336
[data] trainable questions (have both pos & neg paths): 0/42
[train] epoch 1/10 contrastive_loss=0.0000 (questions used=0) | val_loss=0.0000
[train] epoch 2/10 contrastive_loss=0.0000 (questions used=0) | val_loss=0.0000
[train] epoch 3/10 contrastive_loss=0.0000 (questions used=0) | val_loss=0.0000
[train] epoch 4/10 contrastive_loss=0.0000 (questions used=0) | val_loss=0.0000
[train] epoch 5/10 contrastive_loss=0.0000 (questions used=0) | val_loss=0.0000
[train] epoch 6/10 contrastive_loss=0.0000 (questions used=0) | val_loss=0.0000
[train] epoch 7/10 contrastive_loss=0.0000 (questions used=0) | val_loss=0.0000
[train] epoch 8/10 contrastive_loss=0.0000 (questions used=0) | val_loss=0.0000
[train] epoch 9/10 contrastive_loss=0.0000 (questions used=0) | val_loss=0.0000
[train] epoch 10/10 contrastive_loss=0.0000 (questions used=0) | val_loss=0.0000
[train] encoder saved to /home2/zzl/C-CoT/dprotocot_runs/run

==== Results [granularity | train=path/select=path] | test questions = 42 ====
  Standard CoT            :   0.00%
  Self-Consistency        :   0.00%
  Raw-BERT + Centroid     :   0.00%
  Self-Certainty-BERT     :   0.00%
  D-ProtoCoT              :   0.00%
[data] newrundata/csqa_llama_flat.jsonl: 4200 lines, 0 skipped, 420 questions, 4200 paths total
[data] split -> train=336 val=42 test=42 questions (TEST SET SIZE = 42 questions)
[data] trainable questions (have both pos & neg paths): 0/336
[data] trainable questions (have both pos & neg paths): 0/42
[train] epoch 1/10 contrastive_loss=0.0000 (questions used=0) | val_loss=0.0000
[train] epoch 2/10 contrastive_loss=0.0000 (questions used=0) | val_loss=0.0000
[train] epoch 3/10 contrastive_loss=0.0000 (questions used=0) | val_loss=0.0000
[train] epoch 4/10 contrastive_loss=0.0000 (questions used=0) | val_loss=0.0000
[train] epoch 5/10 contrastive_loss=0.0000 (questions used=0) | val_loss=0.0000
[train] epoch 6/10 contrastive_loss=0.0000 (questions used=0) | val_loss=0.0000
[train] epoch 7/10 contrastive_loss=0.0000 (questions used=0) | val_loss=0.0000
[train] epoch 8/10 contrastive_loss=0.0000 (questions used=0) | val_loss=0.0000
[train] epoch 9/10 contrastive_loss=0.0000 (questions used=0) | val_loss=0.0000
[train] epoch 10/10 contrastive_loss=0.0000 (questions used=0) | val_loss=0.0000
[train] encoder saved to /home2/zzl/C-CoT/dprotocot_runs/run

==== Results [granularity | train=step/select=step] | test questions = 42 ====
  Standard CoT            :   0.00%
  Self-Consistency        :   0.00%
  Raw-BERT + Centroid     :   0.00%
  Self-Certainty-BERT     :   0.00%
  D-ProtoCoT              :   0.00%
[data] newrundata/csqa_llama_flat.jsonl: 4200 lines, 0 skipped, 420 questions, 4200 paths total
[data] split -> train=336 val=42 test=42 questions (TEST SET SIZE = 42 questions)
[data] trainable questions (have both pos & neg paths): 0/336
[data] trainable questions (have both pos & neg paths): 0/42
[train] epoch 1/10 contrastive_loss=0.0000 (questions used=0) | val_loss=0.0000
[train] epoch 2/10 contrastive_loss=0.0000 (questions used=0) | val_loss=0.0000
[train] epoch 3/10 contrastive_loss=0.0000 (questions used=0) | val_loss=0.0000
[train] epoch 4/10 contrastive_loss=0.0000 (questions used=0) | val_loss=0.0000
[train] epoch 5/10 contrastive_loss=0.0000 (questions used=0) | val_loss=0.0000
[train] epoch 6/10 contrastive_loss=0.0000 (questions used=0) | val_loss=0.0000
[train] epoch 7/10 contrastive_loss=0.0000 (questions used=0) | val_loss=0.0000
[train] epoch 8/10 contrastive_loss=0.0000 (questions used=0) | val_loss=0.0000
[train] epoch 9/10 contrastive_loss=0.0000 (questions used=0) | val_loss=0.0000
[train] epoch 10/10 contrastive_loss=0.0000 (questions used=0) | val_loss=0.0000
[train] encoder saved to /home2/zzl/C-CoT/dprotocot_runs/run

==== Results [granularity | train=step/select=path] | test questions = 42 ====
  Standard CoT            :   0.00%
  Self-Consistency        :   0.00%
  Raw-BERT + Centroid     :   0.00%
  Self-Certainty-BERT     :   0.00%
  D-ProtoCoT              :   0.00%
[data] newrundata/csqa_llama_flat.jsonl: 4200 lines, 0 skipped, 420 questions, 4200 paths total
[data] split -> train=336 val=42 test=42 questions (TEST SET SIZE = 42 questions)
[data] trainable questions (have both pos & neg paths): 0/336
[data] trainable questions (have both pos & neg paths): 0/42
[train] epoch 1/10 contrastive_loss=0.0000 (questions used=0) | val_loss=0.0000
[train] epoch 2/10 contrastive_loss=0.0000 (questions used=0) | val_loss=0.0000
[train] epoch 3/10 contrastive_loss=0.0000 (questions used=0) | val_loss=0.0000
[train] epoch 4/10 contrastive_loss=0.0000 (questions used=0) | val_loss=0.0000
[train] epoch 5/10 contrastive_loss=0.0000 (questions used=0) | val_loss=0.0000
[train] epoch 6/10 contrastive_loss=0.0000 (questions used=0) | val_loss=0.0000
[train] epoch 7/10 contrastive_loss=0.0000 (questions used=0) | val_loss=0.0000
[train] epoch 8/10 contrastive_loss=0.0000 (questions used=0) | val_loss=0.0000
[train] epoch 9/10 contrastive_loss=0.0000 (questions used=0) | val_loss=0.0000
[train] epoch 10/10 contrastive_loss=0.0000 (questions used=0) | val_loss=0.0000
[train] encoder saved to /home2/zzl/C-CoT/dprotocot_runs/run

==== Results [leakage-ablation | input=full] | test questions = 42 ====
  Standard CoT            :   0.00%
  Self-Consistency        :   0.00%
  Raw-BERT + Centroid     :   0.00%
  Self-Certainty-BERT     :   0.00%
  D-ProtoCoT              :   0.00%
[data] newrundata/csqa_llama_flat.jsonl: 4200 lines, 0 skipped, 420 questions, 4200 paths total
[data] split -> train=336 val=42 test=42 questions (TEST SET SIZE = 42 questions)
[data] trainable questions (have both pos & neg paths): 0/336
[data] trainable questions (have both pos & neg paths): 0/42
[train] epoch 1/10 contrastive_loss=0.0000 (questions used=0) | val_loss=0.0000
[train] epoch 2/10 contrastive_loss=0.0000 (questions used=0) | val_loss=0.0000
[train] epoch 3/10 contrastive_loss=0.0000 (questions used=0) | val_loss=0.0000
[train] epoch 4/10 contrastive_loss=0.0000 (questions used=0) | val_loss=0.0000
[train] epoch 5/10 contrastive_loss=0.0000 (questions used=0) | val_loss=0.0000
[train] epoch 6/10 contrastive_loss=0.0000 (questions used=0) | val_loss=0.0000
[train] epoch 7/10 contrastive_loss=0.0000 (questions used=0) | val_loss=0.0000
[train] epoch 8/10 contrastive_loss=0.0000 (questions used=0) | val_loss=0.0000
[train] epoch 9/10 contrastive_loss=0.0000 (questions used=0) | val_loss=0.0000
[train] epoch 10/10 contrastive_loss=0.0000 (questions used=0) | val_loss=0.0000
[train] encoder saved to /home2/zzl/C-CoT/dprotocot_runs/run

==== Results [leakage-ablation | input=mask] | test questions = 42 ====
  Standard CoT            :   0.00%
  Self-Consistency        :   0.00%
  Raw-BERT + Centroid     :   0.00%
  Self-Certainty-BERT     :   0.00%
  D-ProtoCoT              :   0.00%
[data] newrundata/csqa_llama_flat.jsonl: 4200 lines, 0 skipped, 420 questions, 4200 paths total
[data] split -> train=336 val=42 test=42 questions (TEST SET SIZE = 42 questions)
[data] trainable questions (have both pos & neg paths): 0/336
[data] trainable questions (have both pos & neg paths): 0/42
[train] epoch 1/10 contrastive_loss=0.0000 (questions used=0) | val_loss=0.0000
[train] epoch 2/10 contrastive_loss=0.0000 (questions used=0) | val_loss=0.0000
[train] epoch 3/10 contrastive_loss=0.0000 (questions used=0) | val_loss=0.0000
[train] epoch 4/10 contrastive_loss=0.0000 (questions used=0) | val_loss=0.0000
[train] epoch 5/10 contrastive_loss=0.0000 (questions used=0) | val_loss=0.0000
[train] epoch 6/10 contrastive_loss=0.0000 (questions used=0) | val_loss=0.0000
[train] epoch 7/10 contrastive_loss=0.0000 (questions used=0) | val_loss=0.0000
[train] epoch 8/10 contrastive_loss=0.0000 (questions used=0) | val_loss=0.0000
[train] epoch 9/10 contrastive_loss=0.0000 (questions used=0) | val_loss=0.0000
[train] epoch 10/10 contrastive_loss=0.0000 (questions used=0) | val_loss=0.0000
[train] encoder saved to /home2/zzl/C-CoT/dprotocot_runs/run

==== Results [leakage-ablation | input=qa_only] | test questions = 42 ====
  Standard CoT            :   0.00%
  Self-Consistency        :   0.00%
  Raw-BERT + Centroid     :   0.00%
  Self-Certainty-BERT     :   0.00%
  D-ProtoCoT              :   0.00%

[hint] if qa_only ~= full, gains are NOT from reasoning-process modeling.
