nohup: ignoring input
[data] newrundata/strategyqa_llama_flat.jsonl: 4200 lines, 0 skipped, 420 questions, 4200 paths total
[data] split -> train=336 val=42 test=42 questions (TEST SET SIZE = 42 questions)
[data] trainable questions (have both pos & neg paths): 257/336
[data] trainable questions (have both pos & neg paths): 31/42
Traceback (most recent call last):
  File "/home2/zzl/C-CoT/baseline/dprotocot/run.py", line 142, in <module>
    main()
  File "/home2/zzl/C-CoT/baseline/dprotocot/run.py", line 134, in main
    {
  File "/home2/zzl/C-CoT/baseline/dprotocot/run.py", line 69, in cmd_orm
    enc = train_encoder(cfg, train_t, val_t)
  File "/home2/zzl/C-CoT/baseline/dprotocot/train.py", line 46, in train_encoder
    (loss / cfg.batch_size).backward()
  File "/home2/zzl/storygen-env/lib/python3.10/site-packages/torch/_tensor.py", line 648, in backward
    torch.autograd.backward(
  File "/home2/zzl/storygen-env/lib/python3.10/site-packages/torch/autograd/__init__.py", line 353, in backward
    _engine_run_backward(
  File "/home2/zzl/storygen-env/lib/python3.10/site-packages/torch/autograd/graph.py", line 824, in _engine_run_backward
    return Variable._execution_engine.run_backward(  # Calls into the C++ engine to run the backward pass
torch.OutOfMemoryError: CUDA out of memory. Tried to allocate 20.00 MiB. GPU 0 has a total capacity of 23.69 GiB of which 20.19 MiB is free. Process 2244261 has 5.07 GiB memory in use. Process 2244401 has 5.21 GiB memory in use. Process 2244329 has 5.11 GiB memory in use. Process 2244525 has 4.11 GiB memory in use. Including non-PyTorch memory, this process has 4.15 GiB memory in use. Of the allocated memory 3.80 GiB is allocated by PyTorch, and 47.16 MiB is reserved by PyTorch but unallocated. If reserved but unallocated memory is large try setting PYTORCH_CUDA_ALLOC_CONF=expandable_segments:True to avoid fragmentation.  See documentation for Memory Management  (https://pytorch.org/docs/stable/notes/cuda.html#environment-variables)
[data] newrundata/strategyqa_llama_flat.jsonl: 4200 lines, 0 skipped, 420 questions, 4200 paths total
[data] split -> train=336 val=42 test=42 questions (TEST SET SIZE = 42 questions)
[data] trainable questions (have both pos & neg paths): 257/336
[data] trainable questions (have both pos & neg paths): 31/42
Traceback (most recent call last):
  File "/home2/zzl/C-CoT/baseline/dprotocot/run.py", line 142, in <module>
    main()
  File "/home2/zzl/C-CoT/baseline/dprotocot/run.py", line 134, in main
    {
  File "/home2/zzl/C-CoT/baseline/dprotocot/run.py", line 93, in cmd_granularity
    enc = train_encoder(c, train_t, val_t)
  File "/home2/zzl/C-CoT/baseline/dprotocot/train.py", line 46, in train_encoder
    (loss / cfg.batch_size).backward()
  File "/home2/zzl/storygen-env/lib/python3.10/site-packages/torch/_tensor.py", line 648, in backward
    torch.autograd.backward(
  File "/home2/zzl/storygen-env/lib/python3.10/site-packages/torch/autograd/__init__.py", line 353, in backward
    _engine_run_backward(
  File "/home2/zzl/storygen-env/lib/python3.10/site-packages/torch/autograd/graph.py", line 824, in _engine_run_backward
    return Variable._execution_engine.run_backward(  # Calls into the C++ engine to run the backward pass
torch.OutOfMemoryError: CUDA out of memory. Tried to allocate 20.00 MiB. GPU 0 has a total capacity of 23.69 GiB of which 13.25 MiB is free. Process 2244261 has 5.07 GiB memory in use. Process 2244401 has 5.21 GiB memory in use. Process 2244329 has 5.11 GiB memory in use. Process 2244525 has 4.67 GiB memory in use. Process 2245553 has 1.23 GiB memory in use. Including non-PyTorch memory, this process has 2.36 GiB memory in use. Of the allocated memory 1.93 GiB is allocated by PyTorch, and 133.17 MiB is reserved by PyTorch but unallocated. If reserved but unallocated memory is large try setting PYTORCH_CUDA_ALLOC_CONF=expandable_segments:True to avoid fragmentation.  See documentation for Memory Management  (https://pytorch.org/docs/stable/notes/cuda.html#environment-variables)
[data] newrundata/strategyqa_llama_flat.jsonl: 4200 lines, 0 skipped, 420 questions, 4200 paths total
[data] split -> train=336 val=42 test=42 questions (TEST SET SIZE = 42 questions)
[data] trainable questions (have both pos & neg paths): 257/336
[data] trainable questions (have both pos & neg paths): 31/42
Traceback (most recent call last):
  File "/home2/zzl/C-CoT/baseline/dprotocot/run.py", line 142, in <module>
    main()
  File "/home2/zzl/C-CoT/baseline/dprotocot/run.py", line 134, in main
    {
  File "/home2/zzl/C-CoT/baseline/dprotocot/run.py", line 83, in cmd_leakage
    enc = train_encoder(c, train_t, val_t)
  File "/home2/zzl/C-CoT/baseline/dprotocot/train.py", line 41, in train_encoder
    step_mats, _ = model.encode_paths(texts)
  File "/home2/zzl/C-CoT/baseline/dprotocot/encoder.py", line 136, in encode_paths
    s, p = self.encode_path(t)
  File "/home2/zzl/C-CoT/baseline/dprotocot/encoder.py", line 92, in encode_path
    token_hidden = self._token_hidden(ids)  # [T, H]
  File "/home2/zzl/C-CoT/baseline/dprotocot/encoder.py", line 77, in _token_hidden
    out = self.bert(input_ids=ids, attention_mask=attn).last_hidden_state[0]
  File "/home2/zzl/storygen-env/lib/python3.10/site-packages/torch/nn/modules/module.py", line 1751, in _wrapped_call_impl
    return self._call_impl(*args, **kwargs)
  File "/home2/zzl/storygen-env/lib/python3.10/site-packages/torch/nn/modules/module.py", line 1762, in _call_impl
    return forward_call(*args, **kwargs)
  File "/home2/zzl/storygen-env/lib/python3.10/site-packages/transformers/models/bert/modeling_bert.py", line 1029, in forward
    pooled_output = self.pooler(sequence_output) if self.pooler is not None else None
  File "/home2/zzl/storygen-env/lib/python3.10/site-packages/torch/nn/modules/module.py", line 1751, in _wrapped_call_impl
    return self._call_impl(*args, **kwargs)
  File "/home2/zzl/storygen-env/lib/python3.10/site-packages/torch/nn/modules/module.py", line 1762, in _call_impl
    return forward_call(*args, **kwargs)
  File "/home2/zzl/storygen-env/lib/python3.10/site-packages/transformers/models/bert/modeling_bert.py", line 714, in forward
    pooled_output = self.dense(first_token_tensor)
  File "/home2/zzl/storygen-env/lib/python3.10/site-packages/torch/nn/modules/module.py", line 1751, in _wrapped_call_impl
    return self._call_impl(*args, **kwargs)
  File "/home2/zzl/storygen-env/lib/python3.10/site-packages/torch/nn/modules/module.py", line 1762, in _call_impl
    return forward_call(*args, **kwargs)
  File "/home2/zzl/storygen-env/lib/python3.10/site-packages/torch/nn/modules/linear.py", line 125, in forward
    return F.linear(input, self.weight, self.bias)
torch.OutOfMemoryError: CUDA out of memory. Tried to allocate 2.00 MiB. GPU 0 has a total capacity of 23.69 GiB of which 3.25 MiB is free. Process 2244261 has 5.07 GiB memory in use. Process 2244401 has 5.96 GiB memory in use. Process 2244329 has 5.32 GiB memory in use. Process 2244525 has 4.67 GiB memory in use. Process 2245553 has 1.23 GiB memory in use. Including non-PyTorch memory, this process has 1.42 GiB memory in use. Of the allocated memory 1.09 GiB is allocated by PyTorch, and 23.03 MiB is reserved by PyTorch but unallocated. If reserved but unallocated memory is large try setting PYTORCH_CUDA_ALLOC_CONF=expandable_segments:True to avoid fragmentation.  See documentation for Memory Management  (https://pytorch.org/docs/stable/notes/cuda.html#environment-variables)
