nohup: ignoring input
[data] newrundata/strategyqa_flat.jsonl: 2800 lines, 0 skipped, 280 questions, 2800 paths total
[data] split -> train=224 val=28 test=28 questions (TEST SET SIZE = 28 questions)
[data] trainable questions (have both pos & neg paths): 127/224
[data] trainable questions (have both pos & neg paths): 16/28
[train] epoch 1/10 contrastive_loss=4.6096 (questions used=127) | val_loss=4.3588
[train] epoch 2/10 contrastive_loss=4.3490 (questions used=127) | val_loss=4.3426
[train] epoch 3/10 contrastive_loss=4.3330 (questions used=127) | val_loss=4.3530
[train] epoch 4/10 contrastive_loss=4.3189 (questions used=127) | val_loss=4.3828
[train] epoch 5/10 contrastive_loss=4.2789 (questions used=127) | val_loss=4.4646
[train] epoch 6/10 contrastive_loss=4.1869 (questions used=127) | val_loss=4.5356
[train] epoch 7/10 contrastive_loss=4.0769 (questions used=127) | val_loss=4.5361
[train] epoch 8/10 contrastive_loss=3.9836 (questions used=127) | val_loss=4.6250
[train] epoch 9/10 contrastive_loss=3.9056 (questions used=127) | val_loss=4.5947
[train] epoch 10/10 contrastive_loss=3.8489 (questions used=127) | val_loss=4.6015
[train] encoder saved to /home2/zzl/C-CoT/dprotocot_runs/run
[ORM] train paths=2240 pos=1271 neg=969 pos_ratio=0.567 pos_weight=0.762
[ORM] epoch 1/10 train_loss=0.4776 | val_loss=0.7229 path_acc=0.6429 F1=0.7525 AUROC=0.663
[ORM] epoch 2/10 train_loss=0.3295 | val_loss=0.7229 path_acc=0.6179 F1=0.7517 AUROC=0.6759
[ORM] epoch 3/10 train_loss=0.3039 | val_loss=0.6564 path_acc=0.6393 F1=0.7578 AUROC=0.6811
[ORM] epoch 4/10 train_loss=0.2799 | val_loss=0.6335 path_acc=0.6286 F1=0.7463 AUROC=0.7058
[ORM] epoch 5/10 train_loss=0.2429 | val_loss=0.6777 path_acc=0.6000 F1=0.7443 AUROC=0.7243
[ORM] epoch 6/10 train_loss=0.1839 | val_loss=0.8334 path_acc=0.6464 F1=0.7455 AUROC=0.7365
[ORM] epoch 7/10 train_loss=0.1191 | val_loss=1.0024 path_acc=0.6179 F1=0.7470 AUROC=0.721
[ORM] epoch 8/10 train_loss=0.0664 | val_loss=1.4250 path_acc=0.6036 F1=0.7413 AUROC=0.6851
[ORM] epoch 9/10 train_loss=0.0345 | val_loss=1.3254 path_acc=0.6500 F1=0.7394 AUROC=0.6972
[ORM] epoch 10/10 train_loss=0.0188 | val_loss=1.7556 path_acc=0.6036 F1=0.7436 AUROC=0.6882
[ORM] val-optimal threshold = 0.0004

[ORM] TEST diagnostics: loss=1.1097 path_acc=0.6107 F1=0.7348 AUROC=0.8198

==== Results [main+ORM | input=full] | test questions = 28 ====
  Standard CoT            :  53.57%
  Self-Consistency        :  46.43%
  Raw-BERT + Centroid     :  64.29%
  Self-Certainty-BERT     :  64.29%
  D-ProtoCoT              :  53.57%
  ORM                     :  60.71%
