[data] newrundata/gsm8k_merged_flat.jsonl: 9110 lines, 0 skipped, 911 questions, 9110 paths total
[data] newrundata/gsm8k_test_flat.jsonl: 2000 lines, 0 skipped, 200 questions, 2000 paths total
[data] split -> train=820 val=91 test=200 questions (TEST SET SIZE = 200 questions)
[data] trainable questions (have both pos & neg paths): 634/820
[data] trainable questions (have both pos & neg paths): 76/91
[train] epoch 1/10 contrastive_loss=5.0683 (questions used=634) | val_loss=5.0585
[train] epoch 2/10 contrastive_loss=5.0161 (questions used=634) | val_loss=5.0486
[train] epoch 3/10 contrastive_loss=4.9941 (questions used=634) | val_loss=5.0315
[train] epoch 4/10 contrastive_loss=4.9520 (questions used=634) | val_loss=5.0420
[train] epoch 5/10 contrastive_loss=4.9058 (questions used=634) | val_loss=5.0516
[train] epoch 6/10 contrastive_loss=4.8336 (questions used=634) | val_loss=5.0826
[train] epoch 7/10 contrastive_loss=4.7759 (questions used=634) | val_loss=5.1326
[train] epoch 8/10 contrastive_loss=4.7170 (questions used=634) | val_loss=5.1489
[train] epoch 9/10 contrastive_loss=4.6820 (questions used=634) | val_loss=5.1411
[train] epoch 10/10 contrastive_loss=4.6489 (questions used=634) | val_loss=5.2153
[train] encoder saved to /home2/zzl/C-CoT/dprotocot_runs/run
[ORM] train paths=8200 pos=5107 neg=3093 pos_ratio=0.623 pos_weight=0.606
[ORM] epoch 1/10 train_loss=0.4085 | val_loss=0.4817 path_acc=0.7703 F1=0.8074 AUROC=0.8532
[ORM] epoch 2/10 train_loss=0.3092 | val_loss=0.4487 path_acc=0.7846 F1=0.8144 AUROC=0.8778
[ORM] epoch 3/10 train_loss=0.2701 | val_loss=0.4285 path_acc=0.7923 F1=0.8222 AUROC=0.8836
[ORM] epoch 4/10 train_loss=0.2344 | val_loss=0.4299 path_acc=0.7956 F1=0.8402 AUROC=0.8763
[ORM] epoch 5/10 train_loss=0.2093 | val_loss=0.4820 path_acc=0.8022 F1=0.8375 AUROC=0.8769
[ORM] epoch 6/10 train_loss=0.1692 | val_loss=0.6855 path_acc=0.7407 F1=0.7631 AUROC=0.8441
[ORM] epoch 7/10 train_loss=0.1360 | val_loss=0.6554 path_acc=0.7736 F1=0.8089 AUROC=0.8599
[ORM] epoch 8/10 train_loss=0.1103 | val_loss=0.8075 path_acc=0.7758 F1=0.8235 AUROC=0.8572
[ORM] epoch 9/10 train_loss=0.0869 | val_loss=0.8843 path_acc=0.7769 F1=0.8310 AUROC=0.8572
[ORM] epoch 10/10 train_loss=0.0660 | val_loss=0.9684 path_acc=0.7637 F1=0.8072 AUROC=0.8417

[ORM] TEST diagnostics: loss=0.6161 path_acc=0.8855 F1=0.9250 AUROC=0.9066

==== Results [main+ORM | input=full] | test questions = 200 ====
  Standard CoT            :  75.00%
  Self-Consistency        :  77.50%
  Raw-BERT + Centroid     :  81.00%
  Self-Certainty-BERT     :  81.00%
  D-ProtoCoT              :  82.00%
  ORM                     :  92.00%
