==== START qwen_sqa 2026年 08月 05日 星期三 09:10:36 CST ====
[data] newrundata/strategyqa_flat.jsonl: 2800 lines, 0 skipped, 280 questions, 2800 paths total
[data] split -> train=224 val=28 test=28 questions (TEST SET SIZE = 28 questions)
[data] trainable questions (have both pos & neg paths): 118/224
[data] trainable questions (have both pos & neg paths): 15/28
[train] epoch 1/10 contrastive_loss=4.5774 (questions used=118) | val_loss=4.3416
[train] epoch 2/10 contrastive_loss=4.3313 (questions used=118) | val_loss=4.3133
[train] epoch 3/10 contrastive_loss=4.3143 (questions used=118) | val_loss=4.3051
[train] epoch 4/10 contrastive_loss=4.2643 (questions used=118) | val_loss=4.3109
[train] epoch 5/10 contrastive_loss=4.1753 (questions used=118) | val_loss=4.3387
[train] epoch 6/10 contrastive_loss=4.0541 (questions used=118) | val_loss=4.3747
[train] epoch 7/10 contrastive_loss=3.9406 (questions used=118) | val_loss=4.4081
[train] epoch 8/10 contrastive_loss=3.8537 (questions used=118) | val_loss=4.4482
[train] epoch 9/10 contrastive_loss=3.7916 (questions used=118) | val_loss=4.4452
[train] epoch 10/10 contrastive_loss=3.7712 (questions used=118) | val_loss=4.4620
[train] encoder saved to /home2/zzl/C-CoT/dprotocot_runs/run
[ORM] train paths=2240 pos=1261 neg=979 pos_ratio=0.563 pos_weight=0.776
[ORM] epoch 1/10 train_loss=0.4676 | val_loss=0.7277 path_acc=0.6179 F1=0.7192 AUROC=0.6379
[ORM] epoch 2/10 train_loss=0.3204 | val_loss=0.6552 path_acc=0.6429 F1=0.7253 AUROC=0.7157
[ORM] epoch 3/10 train_loss=0.3008 | val_loss=0.6643 path_acc=0.6179 F1=0.6880 AUROC=0.7031
[ORM] epoch 4/10 train_loss=0.2783 | val_loss=0.6838 path_acc=0.6214 F1=0.6419 AUROC=0.716
[ORM] epoch 5/10 train_loss=0.2644 | val_loss=0.6059 path_acc=0.6536 F1=0.6840 AUROC=0.719
[ORM] epoch 6/10 train_loss=0.2429 | val_loss=0.7034 path_acc=0.6429 F1=0.6241 AUROC=0.7028
[ORM] epoch 7/10 train_loss=0.1870 | val_loss=0.8002 path_acc=0.6571 F1=0.6444 AUROC=0.7214
[ORM] epoch 8/10 train_loss=0.1299 | val_loss=1.1221 path_acc=0.6464 F1=0.6733 AUROC=0.7058
[ORM] epoch 9/10 train_loss=0.0787 | val_loss=1.4935 path_acc=0.6357 F1=0.6047 AUROC=0.6793
[ORM] epoch 10/10 train_loss=0.0420 | val_loss=1.4474 path_acc=0.5857 F1=0.5887 AUROC=0.6696

[ORM] TEST diagnostics: loss=1.1437 path_acc=0.7000 F1=0.6934 AUROC=0.7739

==== Results [main+ORM | input=full] | test questions = 28 ====
  Standard CoT            :  53.57%
  Self-Consistency        :  46.43%
  Raw-BERT + Centroid     :  60.71%
  Self-Certainty-BERT     :  60.71%
  D-ProtoCoT              :  57.14%
  ORM                     :  67.86%
==== DONE 2026年 08月 05日 星期三 09:52:49 CST ====
